******************************************************************************
                  MSP430 Linker PC v4.1.2                      
******************************************************************************
>> Linked Tue Jun 04 22:54:06 2013

OUTPUT FILE NAME:   <UART.out>
ENTRY POINT SYMBOL: "_c_int00"  address: 0000c74a


MEMORY CONFIGURATION

         name            origin    length      used     unused   attr    fill
----------------------  --------  ---------  --------  --------  ----  --------
  SFR                   00000000   00000010  00000000  00000010  RWIX
  PERIPHERALS_8BIT      00000010   000000f0  00000000  000000f0  RWIX
  PERIPHERALS_16BIT     00000100   00000100  00000000  00000100  RWIX
  RAM                   00000200   00000200  0000009a  00000166  RWIX
  INFOD                 00001000   00000040  00000000  00000040  RWIX
  INFOC                 00001040   00000040  00000000  00000040  RWIX
  INFOB                 00001080   00000040  00000000  00000040  RWIX
  INFOA                 000010c0   00000040  00000000  00000040  RWIX
  FLASH                 0000c000   00003fe0  000008f6  000036ea  RWIX
  INT00                 0000ffe0   00000002  00000000  00000002  RWIX
  INT01                 0000ffe2   00000002  00000000  00000002  RWIX
  INT02                 0000ffe4   00000002  00000002  00000000  RWIX
  INT03                 0000ffe6   00000002  00000000  00000002  RWIX
  INT04                 0000ffe8   00000002  00000000  00000002  RWIX
  INT05                 0000ffea   00000002  00000000  00000002  RWIX
  INT06                 0000ffec   00000002  00000000  00000002  RWIX
  INT07                 0000ffee   00000002  00000002  00000000  RWIX
  INT08                 0000fff0   00000002  00000000  00000002  RWIX
  INT09                 0000fff2   00000002  00000002  00000000  RWIX
  INT10                 0000fff4   00000002  00000002  00000000  RWIX
  INT11                 0000fff6   00000002  00000000  00000002  RWIX
  INT12                 0000fff8   00000002  00000000  00000002  RWIX
  INT13                 0000fffa   00000002  00000000  00000002  RWIX
  INT14                 0000fffc   00000002  00000000  00000002  RWIX
  RESET                 0000fffe   00000002  00000002  00000000  RWIX


SECTION ALLOCATION MAP

 output                                  attributes/
section   page    origin      length       input sections
--------  ----  ----------  ----------   ----------------
.init_array 
*          0    0000c000    00000000     UNINITIALIZED

.data      0    00000200    0000002f     
                  00000200    0000000b     main.obj (.data)
                  0000020b    00000001     --HOLE--
                  0000020c    00000009     main.obj (.data:SecurityKeyStr)
                  00000215    00000001     --HOLE--
                  00000216    00000008     mss_timer.obj (.data)
                  0000021e    00000004     mss.obj (.data:mss_task_list)
                  00000222    00000003     mss.obj (.data)
                  00000225    00000001     --HOLE--
                  00000226    00000003     mss_hal.obj (.data)
                  00000229    00000001     --HOLE--
                  0000022a    00000002     Motor.obj (.data)
                  0000022c    00000001     UART.obj (.data)
                  0000022d    00000001     --HOLE--
                  0000022e    00000001     llist.obj (.data)

.TI.persistent 
*          0    00000200    00000000     UNINITIALIZED

.bss       0    00000230    0000001b     UNINITIALIZED
                  00000230    0000000c     main.obj (.bss)
                  0000023c    0000000a     mss_timer.obj (.bss)
                  00000246    00000002     llist.obj (.bss)
                  00000248    00000002     mss_event.obj (.bss)
                  0000024a    00000001     Motor.obj (.bss)

.TI.noinit 
*          0    00000230    00000000     UNINITIALIZED

.stack     0    000003b0    00000050     UNINITIALIZED
                  000003b0    00000002     rts430_eabi.lib : boot.obj (.stack)
                  000003b2    0000004e     --HOLE--

.text      0    0000c000    000008ac     
                  0000c000    000001c2     main.obj (.text:ControlTask)
                  0000c1c2    000000ac     mss_timer.obj (.text:mss_timer_tick)
                  0000c26e    00000068     mss.obj (.text:mss_scheduler)
                  0000c2d6    00000062     llist.obj (.text:llist_sort)
                  0000c338    0000005e     rts430_eabi.lib : copy_decompress_rle.obj (.text:__TI_decompress_rle_core)
                  0000c396    0000005e                     : autoinit.obj (.text:_auto_init)
                  0000c3f4    0000005c     mss_timer.obj (.text:timer_start)
                  0000c450    00000050     mss_timer.obj (.text:timer_cmp)
                  0000c4a0    0000004a     mss_hal.obj (.text:WDT_ISR)
                  0000c4ea    00000040     mss_hal.obj (.text:mss_hal_init)
                  0000c52a    00000040     mss_timer.obj (.text:mss_timer_init)
                  0000c56a    0000003a     UART.obj (.text:UARTInit)
                  0000c5a4    00000034     Motor.obj (.text:MotorEnable2s)
                  0000c5d8    00000034     main.obj (.text:main)
                  0000c60c    00000034     mss_timer.obj (.text:mss_timer_create)
                  0000c640    0000002e     Motor.obj (.text:MotorInit)
                  0000c66e    0000002a     llist.obj (.text:ll_add)
                  0000c698    00000028     mss_timer.obj (.text:mss_timer_get_next_tick)
                  0000c6c0    00000028     mss_timer.obj (.text:mss_timer_get_state)
                  0000c6e8    00000022     llist.obj (.text:llist_create)
                  0000c70a    00000020     mss_hal.obj (.text:mss_get_highest_prio_task)
                  0000c72a    00000020     mss.obj (.text:mss_run)
                  0000c74a    0000001a     rts430_eabi.lib : boot.obj (.text:_c_int00_noexit)
                  0000c764    0000001a     mss.obj (.text:mss_activate_task_int)
                  0000c77e    00000014     Motor.obj (.text:MotorIn)
                  0000c792    00000014     Motor.obj (.text:MotorOut)
                  0000c7a6    00000014     rts430_eabi.lib : copy_zero_init.obj (.text:decompress:ZI:__TI_zero_init)
                  0000c7ba    00000014     llist.obj (.text:llist_get_first)
                  0000c7ce    00000012     rts430_eabi.lib : copy_decompress_none.obj (.text:decompress:none:__TI_decompress_none)
                  0000c7e0    00000012                     : memcpy.obj (.text:memcpy)
                  0000c7f2    00000012     mss_hal.obj (.text:mss_hal_sleep)
                  0000c804    00000012     mss_timer.obj (.text:mss_timer_check_expired)
                  0000c816    00000010     Motor.obj (.text:Timer_A)
                  0000c826    00000010     rts430_eabi.lib : epilog.obj (.text)
                  0000c836    0000000e     mss_event.obj (.text:mss_event_init)
                  0000c844    0000000e     mss.obj (.text:mss_init)
                  0000c852    0000000c     main.obj (.text:InitControlTasks)
                  0000c85e    0000000c     main.obj (.text:Port_1)
                  0000c86a    0000000c     UART.obj (.text:UARTPutChar)
                  0000c876    0000000a     mss_hal.obj (.text:_system_pre_init)
                  0000c880    00000008     UART.obj (.text:USCI0RX_ISR)
                  0000c888    00000008     llist.obj (.text:llist_add_first)
                  0000c890    00000008     mss_timer.obj (.text:mss_timer_start)
                  0000c898    00000006     UART.obj (.text:UARTGetChar)
                  0000c89e    00000006     rts430_eabi.lib : copy_decompress_rle.obj (.text:decompress:rle24:__TI_decompress_rle24)
                  0000c8a4    00000004                     : exit.obj (.text:abort)
                  0000c8a8    00000004     llist.obj (.text:llist_touch_first)

.const     0    0000c8ac    00000012     
                  0000c8ac    0000000a     main.obj (.const:.string)
                  0000c8b6    00000008     mss.obj (.const:.string:mss_bitpos_to_bit)

.cinit     0    0000c8be    00000038     
                  0000c8be    00000025     (.cinit..data.load) [load image, compression = rle]
                  0000c8e3    00000001     --HOLE-- [fill = 0]
                  0000c8e4    00000006     (__TI_handler_table)
                  0000c8ea    00000004     (.cinit..bss.load) [load image, compression = zero_init]
                  0000c8ee    00000008     (__TI_cinit_table)

PORT1      0    0000ffe4    00000002     
                  0000ffe4    00000002     main.obj (.int02)

USCIAB0RX 
*          0    0000ffee    00000002     
                  0000ffee    00000002     UART.obj (.int07)

TIMER0_A0 
*          0    0000fff2    00000002     
                  0000fff2    00000002     Motor.obj (.int09)

WDT        0    0000fff4    00000002     
                  0000fff4    00000002     mss_hal.obj (.int10)

.reset     0    0000fffe    00000002     
                  0000fffe    00000002     rts430_eabi.lib : boot.obj (.reset)


LINKER GENERATED COPY TABLES

__TI_cinit_table @ 0000c8ee records: 2, size/record: 4, table size: 8
	.data: load addr=0000c8be, load size=00000025 bytes, run addr=00000200, run size=0000002f bytes, compression=rle
	.bss: load addr=0000c8ea, load size=00000004 bytes, run addr=00000230, run size=0000001b bytes, compression=zero_init


LINKER GENERATED HANDLER TABLE

__TI_handler_table @ 0000c8e4 records: 3, size/record: 2, table size: 6
	index: 0, handler: __TI_zero_init
	index: 1, handler: __TI_decompress_rle24
	index: 2, handler: __TI_decompress_none


GLOBAL SYMBOLS: SORTED ALPHABETICALLY BY Name 

address    name
--------   ----
0000004a   ADC10AE0
000001b0   ADC10CTL0
000001b2   ADC10CTL1
00000048   ADC10DTC0
00000049   ADC10DTC1
000001b4   ADC10MEM
000001bc   ADC10SA
00000057   BCSCTL1
00000058   BCSCTL2
00000053   BCSCTL3
0000c8a4   C$$EXIT
00000059   CACTL1
0000005a   CACTL2
000010fb   CALBC1_12MHZ
000010f9   CALBC1_16MHZ
000010ff   CALBC1_1MHZ
000010fd   CALBC1_8MHZ
000010fa   CALDCO_12MHZ
000010f8   CALDCO_16MHZ
000010fe   CALDCO_1MHZ
000010fc   CALDCO_8MHZ
0000005b   CAPD
0000c000   ControlTask
00000200   ControlTaskInst
00000056   DCOCTL
0000024a   Enabled
00000128   FCTL1
0000012a   FCTL2
0000012c   FCTL3
00000000   IE1
00000001   IE2
00000002   IFG1
00000003   IFG2
00000208   Manual
0000c5a4   MotorEnable2s
0000c77e   MotorIn
0000c640   MotorInit
0000c792   MotorOut
0000022a   MotorState
00000022   P1DIR
00000025   P1IE
00000024   P1IES
00000023   P1IFG
00000020   P1IN
00000021   P1OUT
00000027   P1REN
00000026   P1SEL
00000041   P1SEL2
0000002a   P2DIR
0000002d   P2IE
0000002c   P2IES
0000002b   P2IFG
00000028   P2IN
00000029   P2OUT
0000002f   P2REN
0000002e   P2SEL
00000042   P2SEL2
0000001a   P3DIR
00000018   P3IN
00000019   P3OUT
00000010   P3REN
0000001b   P3SEL
00000043   P3SEL2
0000c85e   Port_1
0000022c   RxChar
0000020c   SecurityKeyStr
00000204   SendKey
00000172   TA0CCR0
00000174   TA0CCR1
00000176   TA0CCR2
00000162   TA0CCTL0
00000164   TA0CCTL1
00000166   TA0CCTL2
00000160   TA0CTL
0000012e   TA0IV
00000170   TA0R
00000192   TA1CCR0
00000194   TA1CCR1
00000196   TA1CCR2
00000182   TA1CCTL0
00000184   TA1CCTL1
00000186   TA1CCTL2
00000180   TA1CTL
0000011e   TA1IV
00000190   TA1R
0000c816   Timer_A
0000c898   UARTGetChar
0000c56a   UARTInit
0000c86a   UARTPutChar
0000005d   UCA0ABCTL
00000062   UCA0BR0
00000063   UCA0BR1
00000060   UCA0CTL0
00000061   UCA0CTL1
0000005f   UCA0IRRCTL
0000005e   UCA0IRTCTL
00000064   UCA0MCTL
00000066   UCA0RXBUF
00000065   UCA0STAT
00000067   UCA0TXBUF
0000006a   UCB0BR0
0000006b   UCB0BR1
00000068   UCB0CTL0
00000069   UCB0CTL1
0000006c   UCB0I2CIE
00000118   UCB0I2COA
0000011a   UCB0I2CSA
0000006e   UCB0RXBUF
0000006d   UCB0STAT
0000006f   UCB0TXBUF
0000c880   USCI0RX_ISR
00000120   WDTCTL
0000c4a0   WDT_ISR
00000400   __STACK_END
00000050   __STACK_SIZE
0000c8ee   __TI_CINIT_Base
0000c8f6   __TI_CINIT_Limit
0000c8e4   __TI_Handler_Table_Base
0000c8ea   __TI_Handler_Table_Limit
UNDEFED    __TI_INITARRAY_Base
UNDEFED    __TI_INITARRAY_Limit
00000001   __TI_args_main
0000c7ce   __TI_decompress_none
0000c89e   __TI_decompress_rle24
00000001   __TI_exit
0000c7a6   __TI_zero_init
ffffffff   __binit__
ffffffff   __c_args__
0000c832   __mspabi_func_epilog_1
0000c830   __mspabi_func_epilog_2
0000c82e   __mspabi_func_epilog_3
0000c82c   __mspabi_func_epilog_4
0000c82a   __mspabi_func_epilog_5
0000c828   __mspabi_func_epilog_6
0000c826   __mspabi_func_epilog_7
0000c396   _auto_init
0000c74a   _c_int00
0000c74a   _c_int00_noexit
0000fffe   _reset_vector
000003b0   _stack
0000c876   _system_pre_init
0000c8a4   abort
ffffffff   binit
00000230   i
0000c888   llist_add_first
0000c6e8   llist_create
0000c7ba   llist_get_first
0000c2d6   llist_sort
0000c8a8   llist_touch_first
0000c5d8   main
0000c7e0   memcpy
0000c764   mss_activate_task_int
0000c8b6   mss_bitpos_to_bit
0000c836   mss_event_init
0000c70a   mss_get_highest_prio_task
0000c4ea   mss_hal_init
0000c7f2   mss_hal_sleep
0000c844   mss_init
00000224   mss_ready_task_bits
0000c72a   mss_run
00000222   mss_running_task_id
0000c26e   mss_scheduler
00000223   mss_task_reactivated
0000c804   mss_timer_check_expired
0000c60c   mss_timer_create
0000c698   mss_timer_get_next_tick
0000c6c0   mss_timer_get_state
0000c52a   mss_timer_init
0000c890   mss_timer_start
0000c1c2   mss_timer_tick
00000216   mss_timer_tick_cnt


GLOBAL SYMBOLS: SORTED BY Symbol Address 

address    name
--------   ----
00000000   IE1
00000001   IE2
00000001   __TI_args_main
00000001   __TI_exit
00000002   IFG1
00000003   IFG2
00000010   P3REN
00000018   P3IN
00000019   P3OUT
0000001a   P3DIR
0000001b   P3SEL
00000020   P1IN
00000021   P1OUT
00000022   P1DIR
00000023   P1IFG
00000024   P1IES
00000025   P1IE
00000026   P1SEL
00000027   P1REN
00000028   P2IN
00000029   P2OUT
0000002a   P2DIR
0000002b   P2IFG
0000002c   P2IES
0000002d   P2IE
0000002e   P2SEL
0000002f   P2REN
00000041   P1SEL2
00000042   P2SEL2
00000043   P3SEL2
00000048   ADC10DTC0
00000049   ADC10DTC1
0000004a   ADC10AE0
00000050   __STACK_SIZE
00000053   BCSCTL3
00000056   DCOCTL
00000057   BCSCTL1
00000058   BCSCTL2
00000059   CACTL1
0000005a   CACTL2
0000005b   CAPD
0000005d   UCA0ABCTL
0000005e   UCA0IRTCTL
0000005f   UCA0IRRCTL
00000060   UCA0CTL0
00000061   UCA0CTL1
00000062   UCA0BR0
00000063   UCA0BR1
00000064   UCA0MCTL
00000065   UCA0STAT
00000066   UCA0RXBUF
00000067   UCA0TXBUF
00000068   UCB0CTL0
00000069   UCB0CTL1
0000006a   UCB0BR0
0000006b   UCB0BR1
0000006c   UCB0I2CIE
0000006d   UCB0STAT
0000006e   UCB0RXBUF
0000006f   UCB0TXBUF
00000118   UCB0I2COA
0000011a   UCB0I2CSA
0000011e   TA1IV
00000120   WDTCTL
00000128   FCTL1
0000012a   FCTL2
0000012c   FCTL3
0000012e   TA0IV
00000160   TA0CTL
00000162   TA0CCTL0
00000164   TA0CCTL1
00000166   TA0CCTL2
00000170   TA0R
00000172   TA0CCR0
00000174   TA0CCR1
00000176   TA0CCR2
00000180   TA1CTL
00000182   TA1CCTL0
00000184   TA1CCTL1
00000186   TA1CCTL2
00000190   TA1R
00000192   TA1CCR0
00000194   TA1CCR1
00000196   TA1CCR2
000001b0   ADC10CTL0
000001b2   ADC10CTL1
000001b4   ADC10MEM
000001bc   ADC10SA
00000200   ControlTaskInst
00000204   SendKey
00000208   Manual
0000020c   SecurityKeyStr
00000216   mss_timer_tick_cnt
00000222   mss_running_task_id
00000223   mss_task_reactivated
00000224   mss_ready_task_bits
0000022a   MotorState
0000022c   RxChar
00000230   i
0000024a   Enabled
000003b0   _stack
00000400   __STACK_END
000010f8   CALDCO_16MHZ
000010f9   CALBC1_16MHZ
000010fa   CALDCO_12MHZ
000010fb   CALBC1_12MHZ
000010fc   CALDCO_8MHZ
000010fd   CALBC1_8MHZ
000010fe   CALDCO_1MHZ
000010ff   CALBC1_1MHZ
0000c000   ControlTask
0000c1c2   mss_timer_tick
0000c26e   mss_scheduler
0000c2d6   llist_sort
0000c396   _auto_init
0000c4a0   WDT_ISR
0000c4ea   mss_hal_init
0000c52a   mss_timer_init
0000c56a   UARTInit
0000c5a4   MotorEnable2s
0000c5d8   main
0000c60c   mss_timer_create
0000c640   MotorInit
0000c698   mss_timer_get_next_tick
0000c6c0   mss_timer_get_state
0000c6e8   llist_create
0000c70a   mss_get_highest_prio_task
0000c72a   mss_run
0000c74a   _c_int00
0000c74a   _c_int00_noexit
0000c764   mss_activate_task_int
0000c77e   MotorIn
0000c792   MotorOut
0000c7a6   __TI_zero_init
0000c7ba   llist_get_first
0000c7ce   __TI_decompress_none
0000c7e0   memcpy
0000c7f2   mss_hal_sleep
0000c804   mss_timer_check_expired
0000c816   Timer_A
0000c826   __mspabi_func_epilog_7
0000c828   __mspabi_func_epilog_6
0000c82a   __mspabi_func_epilog_5
0000c82c   __mspabi_func_epilog_4
0000c82e   __mspabi_func_epilog_3
0000c830   __mspabi_func_epilog_2
0000c832   __mspabi_func_epilog_1
0000c836   mss_event_init
0000c844   mss_init
0000c85e   Port_1
0000c86a   UARTPutChar
0000c876   _system_pre_init
0000c880   USCI0RX_ISR
0000c888   llist_add_first
0000c890   mss_timer_start
0000c898   UARTGetChar
0000c89e   __TI_decompress_rle24
0000c8a4   C$$EXIT
0000c8a4   abort
0000c8a8   llist_touch_first
0000c8b6   mss_bitpos_to_bit
0000c8e4   __TI_Handler_Table_Base
0000c8ea   __TI_Handler_Table_Limit
0000c8ee   __TI_CINIT_Base
0000c8f6   __TI_CINIT_Limit
0000fffe   _reset_vector
ffffffff   __binit__
ffffffff   __c_args__
ffffffff   binit
UNDEFED    __TI_INITARRAY_Base
UNDEFED    __TI_INITARRAY_Limit

[171 symbols]
